******************************************************************************
                  TI ARM Linker PC v18.1.5                     
******************************************************************************
>> Linked Sun Apr 21 22:42:34 2019

OUTPUT FILE NAME:   <GroupProject.out>
ENTRY POINT SYMBOL: "_c_int00_noargs"  address: 0000178d


MEMORY CONFIGURATION

         name            origin    length      used     unused   attr    fill
----------------------  --------  ---------  --------  --------  ----  --------
  MAIN                  00000000   00040000  00001960  0003e6a0  R  X
  INFO                  00200000   00004000  00000000  00004000  R  X
  SRAM_CODE             01000000   00010000  0000021a  0000fde6  RW X
  SRAM_DATA             20000000   00010000  0000021a  0000fde6  RW  


SEGMENT ALLOCATION MAP

run origin  load origin   length   init length attrs members
----------  ----------- ---------- ----------- ----- -------
00000000    00000000    00001960   00001960    r-x
  00000000    00000000    000000e4   000000e4    r-- .intvecs
  000000e4    000000e4    0000184c   0000184c    r-x .text
  00001930    00001930    00000030   00000030    r-- .cinit
20000000    20000000    0000001c   00000000    rw-
  20000000    20000000    0000000e   00000000    rw- .bss
  20000010    20000010    0000000c   00000000    rw- .data
2000fe00    2000fe00    00000200   00000000    rw-
  2000fe00    2000fe00    00000200   00000000    rw- .stack


SECTION ALLOCATION MAP

 output                                  attributes/
section   page    origin      length       input sections
--------  ----  ----------  ----------   ----------------
.intvecs   0    00000000    000000e4     
                  00000000    000000e4     startup_msp432p401r_ccs.obj (.intvecs:retain)

.text      0    000000e4    0000184c     
                  000000e4    00000680     Motor.obj (.text)
                  00000764    00000334     system_msp432p401r.obj (.text)
                  00000a98    00000330     main.obj (.text)
                  00000dc8    000001e8     Clock.obj (.text)
                  00000fb0    00000154     Bumpers.obj (.text)
                  00001104    00000104     OnBoardLEDs.obj (.text)
                  00001208    000000fc     rtsv7M4_T_le_v4SPD16_eabi.lib : fd_mul_t2.asm.obj (.text)
                  00001304    000000f8     TimerAs.obj (.text)
                  000013fc    000000dc     Buttons.obj (.text)
                  000014d8    000000b0     LineSensor.obj (.text)
                  00001588    0000009c     rtsv7M4_T_le_v4SPD16_eabi.lib : memcpy_t2.asm.obj (.text)
                  00001624    00000068                                   : copy_decompress_lzss.c.obj (.text:decompress:lzss:__TI_decompress_lzss)
                  0000168c    00000048                                   : fd_toi_t2.asm.obj (.text)
                  000016d4    00000044                                   : autoinit.c.obj (.text:__TI_auto_init_nobinit_nopinit:__TI_auto_init_nobinit_nopinit)
                  00001718    0000003c     ExternalLEDs.obj (.text)
                  00001754    00000038     SysTick.obj (.text)
                  0000178c    00000038     rtsv7M4_T_le_v4SPD16_eabi.lib : boot_cortex_m.c.obj (.text:_c_int00_noargs:_c_int00_noargs)
                  000017c4    00000020                                   : u_tofd_t2.asm.obj (.text)
                  000017e4    00000012     GenInterrupts.obj (.text)
                  000017f6    00000012     rtsv7M4_T_le_v4SPD16_eabi.lib : copy_zero_init.c.obj (.text:decompress:ZI:__TI_zero_init_nomemset:__TI_zero_init_nomemset)
                  00001808    00000010     ExternalLEDs.obj (.text:ExtLED_AllOff)
                  00001818    00000010     ExternalLEDs.obj (.text:ExtLED_AllOn)
                  00001828    00000010     ExternalLEDs.obj (.text:ExtLED_AllToggle)
                  00001838    00000010     ExternalLEDs.obj (.text:ExtLED_LeftOff)
                  00001848    00000010     ExternalLEDs.obj (.text:ExtLED_LeftOn)
                  00001858    00000010     ExternalLEDs.obj (.text:ExtLED_LeftToggle)
                  00001868    00000010     ExternalLEDs.obj (.text:ExtLED_MiddleOff)
                  00001878    00000010     ExternalLEDs.obj (.text:ExtLED_MiddleOn)
                  00001888    00000010     ExternalLEDs.obj (.text:ExtLED_RightOff)
                  00001898    00000010     ExternalLEDs.obj (.text:ExtLED_RightOn)
                  000018a8    00000010     ExternalLEDs.obj (.text:ExtLED_RightToggle)
                  000018b8    00000010     SysTick.obj (.text:SysTick_Restart)
                  000018c8    0000000e     main.obj (.text:MoveForwardHalfCar)
                  000018d6    0000000e     main.obj (.text:MoveForwardUnderHalfCar)
                  000018e4    0000000e     TimerAs.obj (.text:TimerA0_Stop)
                  000018f2    0000000e     rtsv7M4_T_le_v4SPD16_eabi.lib : copy_decompress_none.c.obj (.text:decompress:none:__TI_decompress_none)
                  00001900    0000000e     startup_msp432p401r_ccs.obj (.text)
                  0000190e    00000002     --HOLE-- [fill = 0]
                  00001910    0000000c     SysTick.obj (.text:SysTick_DisableInterrupt)
                  0000191c    0000000c     SysTick.obj (.text:SysTick_EnableInterrupt)
                  00001928    00000004     rtsv7M4_T_le_v4SPD16_eabi.lib : pre_init.c.obj (.text:_system_pre_init)
                  0000192c    00000004                                   : exit.c.obj (.text:abort:abort)

.cinit     0    00001930    00000030     
                  00001930    0000000c     (.cinit..data.load) [load image, compression = lzss]
                  0000193c    0000000c     (__TI_handler_table)
                  00001948    00000008     (.cinit..bss.load) [load image, compression = zero_init]
                  00001950    00000010     (__TI_cinit_table)

.init_array 
*          0    00000000    00000000     UNINITIALIZED

.binit     0    00000000    00000000     

.bss       0    20000000    0000000e     UNINITIALIZED
                  20000000    00000004     (.common:PeriodicTask)
                  20000004    00000004     (.common:waitTime)
                  20000008    00000002     (.common:count)
                  2000000a    00000001     (.common:lineSensors)
                  2000000b    00000001     (.common:numTimes)
                  2000000c    00000001     (.common:running)
                  2000000d    00000001     (.common:win)

.data      0    20000010    0000000c     UNINITIALIZED
                  20000010    00000008     Clock.obj (.data)
                  20000018    00000004     system_msp432p401r.obj (.data)

.stack     0    2000fe00    00000200     UNINITIALIZED
                  2000fe00    00000004     rtsv7M4_T_le_v4SPD16_eabi.lib : boot_cortex_m.c.obj (.stack)
                  2000fe04    000001fc     --HOLE--

MODULE SUMMARY

       Module                        code   ro data   rw data
       ------                        ----   -------   -------
    .\
       Motor.obj                     1664   0         0      
       main.obj                      844    0         0      
       system_msp432p401r.obj        820    0         8      
       Clock.obj                     488    0         24     
       Bumpers.obj                   340    0         0      
       TimerAs.obj                   262    0         14     
       OnBoardLEDs.obj               260    0         0      
       startup_msp432p401r_ccs.obj   14     228       0      
       ExternalLEDs.obj              236    0         0      
       Buttons.obj                   220    0         6      
       LineSensor.obj                176    0         0      
       SysTick.obj                   96     0         0      
       GenInterrupts.obj             18     0         0      
    +--+-----------------------------+------+---------+---------+
       Total:                        5438   228       52     
                                                             
    C:\ti\ccsv8\tools\compiler\ti-cgt-arm_18.1.5.LTS\lib\rtsv7M4_T_le_v4SPD16_eabi.lib
       fd_mul_t2.asm.obj             252    0         0      
       memcpy_t2.asm.obj             156    0         0      
       copy_decompress_lzss.c.obj    104    0         0      
       fd_toi_t2.asm.obj             72     0         0      
       autoinit.c.obj                68     0         0      
       boot_cortex_m.c.obj           56     0         0      
       u_tofd_t2.asm.obj             32     0         0      
       copy_zero_init.c.obj          18     0         0      
       copy_decompress_none.c.obj    14     0         0      
       exit.c.obj                    4      0         0      
       pre_init.c.obj                4      0         0      
    +--+-----------------------------+------+---------+---------+
       Total:                        780    0         0      
                                                             
       Stack:                        0      0         1024   
       Linker Generated:             0      48        0      
    +--+-----------------------------+------+---------+---------+
       Grand Total:                  6218   276       1076   


LINKER GENERATED COPY TABLES

__TI_cinit_table @ 00001950 records: 2, size/record: 8, table size: 16
	.data: load addr=00001930, load size=0000000c bytes, run addr=20000010, run size=0000000c bytes, compression=lzss
	.bss: load addr=00001948, load size=00000008 bytes, run addr=20000000, run size=0000000e bytes, compression=zero_init


LINKER GENERATED HANDLER TABLE

__TI_handler_table @ 0000193c records: 3, size/record: 4, table size: 12
	index: 0, handler: __TI_decompress_lzss
	index: 1, handler: __TI_decompress_none
	index: 2, handler: __TI_zero_init


GLOBAL SYMBOLS: SORTED ALPHABETICALLY BY Name 

address   name                          
-------   ----                          
0000190d  ADC14_IRQHandler              
0000190d  AES256_IRQHandler             
00000fb1  BumpInt_Init                  
0000101d  Bump_Read                     
0000190d  BusFault_Handler              
0000192d  C$$EXIT                       
0000190d  COMP_E0_IRQHandler            
0000190d  COMP_E1_IRQHandler            
0000190d  CS_IRQHandler                 
20000010  ClockFrequency                
00000f09  Clock_Delay1ms                
00000f2f  Clock_Delay1us                
00000dc9  Clock_Init48MHz               
0000190d  DMA_ERR_IRQHandler            
0000190d  DMA_INT0_IRQHandler           
0000190d  DMA_INT1_IRQHandler           
0000190d  DMA_INT2_IRQHandler           
0000190d  DMA_INT3_IRQHandler           
0000190d  DebugMon_Handler              
0000190d  Default_Handler               
000017e5  DisableInterrupts             
0000190d  EUSCIA0_IRQHandler            
0000190d  EUSCIA1_IRQHandler            
0000190d  EUSCIA2_IRQHandler            
0000190d  EUSCIA3_IRQHandler            
0000190d  EUSCIB0_IRQHandler            
0000190d  EUSCIB1_IRQHandler            
0000190d  EUSCIB2_IRQHandler            
0000190d  EUSCIB3_IRQHandler            
000017eb  EnableInterrupts              
00001809  ExtLED_AllOff                 
00001819  ExtLED_AllOn                  
00001829  ExtLED_AllToggle              
00001719  ExtLED_Init                   
00001839  ExtLED_LeftOff                
00001849  ExtLED_LeftOn                 
00001859  ExtLED_LeftToggle             
00001869  ExtLED_MiddleOff              
00001879  ExtLED_MiddleOn               
00001889  ExtLED_RightOff               
00001899  ExtLED_RightOn                
000018a9  ExtLED_RightToggle            
0000190d  FLCTL_IRQHandler              
0000190d  FPU_IRQHandler                
0000190d  HardFault_Handler             
20000014  IFlags                        
00001187  LED1_Red_Off                  
00001193  LED1_Red_On                   
00001157  LED1_Red_Toggle               
000011cf  LED3_Blue_Off                 
000011db  LED3_Blue_On                  
0000117b  LED3_Blue_Toggle              
000011b7  LED3_Green_Off                
000011c3  LED3_Green_On                 
0000116f  LED3_Green_Toggle             
0000119f  LED3_Red_Off                  
000011ab  LED3_Red_On                   
00001163  LED3_Red_Toggle               
000013fd  LeftButton_Init               
000014d9  LineSensor_Init               
0000151b  LineSensor_Read               
0000190d  MemManage_Handler             
0000028b  Motor_BackwardSimple          
0000017f  Motor_ForwardSimple           
000000e5  Motor_InitSimple              
000003bd  Motor_LeftSimple              
000004e9  Motor_RightSimple             
000006db  Motor_Spin180                 
0000067b  Motor_SpinLeft90              
0000061b  Motor_SpinRight90             
0000015f  Motor_StopSimple              
000018c9  MoveForwardHalfCar            
000018d7  MoveForwardUnderHalfCar       
0000190d  NMI_Handler                   
00001105  OnBoardLED_Init               
0000190d  PCM_IRQHandler                
00001469  PORT1_IRQHandler              
00001469  PORT1_IRQHandler              
0000190d  PORT2_IRQHandler              
0000190d  PORT3_IRQHandler              
000010a5  PORT4_IRQHandler              
000010a5  PORT4_IRQHandler              
0000190d  PORT5_IRQHandler              
0000190d  PORT6_IRQHandler              
0000190d  PSS_IRQHandler                
0000190d  PendSV_Handler                
20000000  PeriodicTask                  
0000190d  RTC_C_IRQHandler              
00001901  Reset_Handler                 
0000190d  SVC_Handler                   
00001911  SysTick_DisableInterrupt      
0000191d  SysTick_EnableInterrupt       
00001769  SysTick_Handler               
00001769  SysTick_Handler               
00001755  SysTick_Init                  
000018b9  SysTick_Restart               
20000018  SystemCoreClock               
00000765  SystemCoreClockUpdate         
000009dd  SystemInit                    
0000190d  T32_INT1_IRQHandler           
0000190d  T32_INT2_IRQHandler           
0000190d  T32_INTC_IRQHandler           
00001389  TA0_0_IRQHandler              
00001389  TA0_0_IRQHandler              
0000190d  TA0_N_IRQHandler              
0000190d  TA1_0_IRQHandler              
0000190d  TA1_N_IRQHandler              
0000190d  TA2_0_IRQHandler              
0000190d  TA2_N_IRQHandler              
0000190d  TA3_0_IRQHandler              
0000190d  TA3_N_IRQHandler              
00001305  TimerA0_Init                  
00001341  TimerA0_Start                 
000018e5  TimerA0_Stop                  
0000190d  UsageFault_Handler            
4000480c  WDTCTL_SYM                    
0000190d  WDT_A_IRQHandler              
000017f1  WaitForInterrupt              
20010000  __STACK_END                   
00000200  __STACK_SIZE                  
00001950  __TI_CINIT_Base               
00001960  __TI_CINIT_Limit              
0000193c  __TI_Handler_Table_Base       
00001948  __TI_Handler_Table_Limit      
000016d5  __TI_auto_init_nobinit_nopinit
00001625  __TI_decompress_lzss          
000018f3  __TI_decompress_none          
ffffffff  __TI_pprof_out_hndl           
ffffffff  __TI_prof_data_size           
ffffffff  __TI_prof_data_start          
00000000  __TI_static_base__            
000017f7  __TI_zero_init_nomemset       
0000168d  __aeabi_d2iz                  
00001209  __aeabi_dmul                  
00001589  __aeabi_memcpy                
00001589  __aeabi_memcpy4               
00001589  __aeabi_memcpy8               
000017c5  __aeabi_ui2d                  
ffffffff  __binit__                     
ffffffff  __c_args__                    
UNDEFED   __mpu_init                    
2000fe00  __stack                       
0000178d  _c_int00_noargs               
UNDEFED   _system_post_cinit            
00001929  _system_pre_init              
0000192d  abort                         
ffffffff  binit                         
20000008  count                         
00000efb  delay                         
00000000  interruptVectors              
2000000a  lineSensors                   
00000b17  main                          
00001589  memcpy                        
2000000b  numTimes                      
2000000c  running                       
20000004  waitTime                      
2000000d  win                           
00000a99  winCondition                  


GLOBAL SYMBOLS: SORTED BY Symbol Address 

address   name                          
-------   ----                          
00000000  __TI_static_base__            
00000000  interruptVectors              
000000e5  Motor_InitSimple              
0000015f  Motor_StopSimple              
0000017f  Motor_ForwardSimple           
00000200  __STACK_SIZE                  
0000028b  Motor_BackwardSimple          
000003bd  Motor_LeftSimple              
000004e9  Motor_RightSimple             
0000061b  Motor_SpinRight90             
0000067b  Motor_SpinLeft90              
000006db  Motor_Spin180                 
00000765  SystemCoreClockUpdate         
000009dd  SystemInit                    
00000a99  winCondition                  
00000b17  main                          
00000dc9  Clock_Init48MHz               
00000efb  delay                         
00000f09  Clock_Delay1ms                
00000f2f  Clock_Delay1us                
00000fb1  BumpInt_Init                  
0000101d  Bump_Read                     
000010a5  PORT4_IRQHandler              
000010a5  PORT4_IRQHandler              
00001105  OnBoardLED_Init               
00001157  LED1_Red_Toggle               
00001163  LED3_Red_Toggle               
0000116f  LED3_Green_Toggle             
0000117b  LED3_Blue_Toggle              
00001187  LED1_Red_Off                  
00001193  LED1_Red_On                   
0000119f  LED3_Red_Off                  
000011ab  LED3_Red_On                   
000011b7  LED3_Green_Off                
000011c3  LED3_Green_On                 
000011cf  LED3_Blue_Off                 
000011db  LED3_Blue_On                  
00001209  __aeabi_dmul                  
00001305  TimerA0_Init                  
00001341  TimerA0_Start                 
00001389  TA0_0_IRQHandler              
00001389  TA0_0_IRQHandler              
000013fd  LeftButton_Init               
00001469  PORT1_IRQHandler              
00001469  PORT1_IRQHandler              
000014d9  LineSensor_Init               
0000151b  LineSensor_Read               
00001589  __aeabi_memcpy                
00001589  __aeabi_memcpy4               
00001589  __aeabi_memcpy8               
00001589  memcpy                        
00001625  __TI_decompress_lzss          
0000168d  __aeabi_d2iz                  
000016d5  __TI_auto_init_nobinit_nopinit
00001719  ExtLED_Init                   
00001755  SysTick_Init                  
00001769  SysTick_Handler               
00001769  SysTick_Handler               
0000178d  _c_int00_noargs               
000017c5  __aeabi_ui2d                  
000017e5  DisableInterrupts             
000017eb  EnableInterrupts              
000017f1  WaitForInterrupt              
000017f7  __TI_zero_init_nomemset       
00001809  ExtLED_AllOff                 
00001819  ExtLED_AllOn                  
00001829  ExtLED_AllToggle              
00001839  ExtLED_LeftOff                
00001849  ExtLED_LeftOn                 
00001859  ExtLED_LeftToggle             
00001869  ExtLED_MiddleOff              
00001879  ExtLED_MiddleOn               
00001889  ExtLED_RightOff               
00001899  ExtLED_RightOn                
000018a9  ExtLED_RightToggle            
000018b9  SysTick_Restart               
000018c9  MoveForwardHalfCar            
000018d7  MoveForwardUnderHalfCar       
000018e5  TimerA0_Stop                  
000018f3  __TI_decompress_none          
00001901  Reset_Handler                 
0000190d  ADC14_IRQHandler              
0000190d  AES256_IRQHandler             
0000190d  BusFault_Handler              
0000190d  COMP_E0_IRQHandler            
0000190d  COMP_E1_IRQHandler            
0000190d  CS_IRQHandler                 
0000190d  DMA_ERR_IRQHandler            
0000190d  DMA_INT0_IRQHandler           
0000190d  DMA_INT1_IRQHandler           
0000190d  DMA_INT2_IRQHandler           
0000190d  DMA_INT3_IRQHandler           
0000190d  DebugMon_Handler              
0000190d  Default_Handler               
0000190d  EUSCIA0_IRQHandler            
0000190d  EUSCIA1_IRQHandler            
0000190d  EUSCIA2_IRQHandler            
0000190d  EUSCIA3_IRQHandler            
0000190d  EUSCIB0_IRQHandler            
0000190d  EUSCIB1_IRQHandler            
0000190d  EUSCIB2_IRQHandler            
0000190d  EUSCIB3_IRQHandler            
0000190d  FLCTL_IRQHandler              
0000190d  FPU_IRQHandler                
0000190d  HardFault_Handler             
0000190d  MemManage_Handler             
0000190d  NMI_Handler                   
0000190d  PCM_IRQHandler                
0000190d  PORT2_IRQHandler              
0000190d  PORT3_IRQHandler              
0000190d  PORT5_IRQHandler              
0000190d  PORT6_IRQHandler              
0000190d  PSS_IRQHandler                
0000190d  PendSV_Handler                
0000190d  RTC_C_IRQHandler              
0000190d  SVC_Handler                   
0000190d  T32_INT1_IRQHandler           
0000190d  T32_INT2_IRQHandler           
0000190d  T32_INTC_IRQHandler           
0000190d  TA0_N_IRQHandler              
0000190d  TA1_0_IRQHandler              
0000190d  TA1_N_IRQHandler              
0000190d  TA2_0_IRQHandler              
0000190d  TA2_N_IRQHandler              
0000190d  TA3_0_IRQHandler              
0000190d  TA3_N_IRQHandler              
0000190d  UsageFault_Handler            
0000190d  WDT_A_IRQHandler              
00001911  SysTick_DisableInterrupt      
0000191d  SysTick_EnableInterrupt       
00001929  _system_pre_init              
0000192d  C$$EXIT                       
0000192d  abort                         
0000193c  __TI_Handler_Table_Base       
00001948  __TI_Handler_Table_Limit      
00001950  __TI_CINIT_Base               
00001960  __TI_CINIT_Limit              
20000000  PeriodicTask                  
20000004  waitTime                      
20000008  count                         
2000000a  lineSensors                   
2000000b  numTimes                      
2000000c  running                       
2000000d  win                           
20000010  ClockFrequency                
20000014  IFlags                        
20000018  SystemCoreClock               
2000fe00  __stack                       
20010000  __STACK_END                   
4000480c  WDTCTL_SYM                    
ffffffff  __TI_pprof_out_hndl           
ffffffff  __TI_prof_data_size           
ffffffff  __TI_prof_data_start          
ffffffff  __binit__                     
ffffffff  __c_args__                    
ffffffff  binit                         
UNDEFED   __mpu_init                    
UNDEFED   _system_post_cinit            

[158 symbols]
